
[2026-04-17T22:57:02] Starting ML camera worker for /Users/Diviprakash/Documents/New project/spot_mini_mini/spot_bullet/training_runs/rough_walk_height_residual_v3 with /Users/Diviprakash/Documents/New project/spot_mini_mini/spot_bullet/src/.conda-spotml/bin/python3.10

[2026-04-17T22:57:02] Starting ML camera worker for /Users/Diviprakash/Documents/New project/spot_mini_mini/spot_bullet/training_runs/rough_walk_height_residual_v3 with /Users/Diviprakash/Documents/New project/spot_mini_mini/spot_bullet/src/.conda-spotml/bin/python3.10
Gym has been unmaintained since 2022 and does not support NumPy 2.0 amongst other critical functionality.
Please upgrade to Gymnasium, the maintained drop-in replacement of Gym, or contact the authors of your software and request that they upgrade.
Users of this version of Gym should be able to simply replace 'import gym' with 'import gymnasium as gym' in the vast majority of cases.
See the migration guide at https://gymnasium.farama.org/introduction/migration_guide/ for additional information.
Gym has been unmaintained since 2022 and does not support NumPy 2.0 amongst other critical functionality.
Please upgrade to Gymnasium, the maintained drop-in replacement of Gym, or contact the authors of your software and request that they upgrade.
Users of this version of Gym should be able to simply replace 'import gym' with 'import gymnasium as gym' in the vast majority of cases.
See the migration guide at https://gymnasium.farama.org/introduction/migration_guide/ for additional information.
pybullet build time: Oct 21 2025 17:40:50
pybullet build time: Oct 21 2025 17:40:50
/Users/Diviprakash/Documents/New project/spot_mini_mini/spotmicro/GymEnvs/spot_bezier_env.py:12: UserWarning: pkg_resources is deprecated as an API. See https://setuptools.pypa.io/en/latest/pkg_resources.html. The pkg_resources package is slated for removal as early as 2025-11-30. Refrain from using this package or pin to Setuptools<81.
  from pkg_resources import parse_version
/Users/Diviprakash/Documents/New project/spot_mini_mini/spotmicro/GymEnvs/spot_bezier_env.py:12: UserWarning: pkg_resources is deprecated as an API. See https://setuptools.pypa.io/en/latest/pkg_resources.html. The pkg_resources package is slated for removal as early as 2025-11-30. Refrain from using this package or pin to Setuptools<81.
  from pkg_resources import parse_version
/Users/Diviprakash/Documents/New project/spot_mini_mini/spot_bullet/src/.conda-spotml/lib/python3.10/site-packages/gym/spaces/box.py:127: UserWarning: [33mWARN: Box bound precision lowered by casting to float32[0m
  logger.warn(f"Box bound precision lowered by casting to {self.dtype}")
/Users/Diviprakash/Documents/New project/spot_mini_mini/spot_bullet/src/.conda-spotml/lib/python3.10/site-packages/gym/spaces/box.py:127: UserWarning: [33mWARN: Box bound precision lowered by casting to float32[0m
  logger.warn(f"Box bound precision lowered by casting to {self.dtype}")
/Users/Diviprakash/Documents/New project/spot_mini_mini/spot_bullet/src/.conda-spotml/lib/python3.10/site-packages/gymnasium/core.py:311: UserWarning: [33mWARN: env.venv to get variables from other wrappers is deprecated and will be removed in v1.0, to get this variable you can do `env.unwrapped.venv` for environment variables or `env.get_wrapper_attr('venv')` that will search the reminding wrappers.[0m
  logger.warn(
/Users/Diviprakash/Documents/New project/spot_mini_mini/spot_bullet/src/.conda-spotml/lib/python3.10/site-packages/gymnasium/core.py:311: UserWarning: [33mWARN: env.envs to get variables from other wrappers is deprecated and will be removed in v1.0, to get this variable you can do `env.unwrapped.envs` for environment variables or `env.get_wrapper_attr('envs')` that will search the reminding wrappers.[0m
  logger.warn(
/Users/Diviprakash/Documents/New project/spot_mini_mini/spot_bullet/src/.conda-spotml/lib/python3.10/site-packages/gymnasium/core.py:311: UserWarning: [33mWARN: env.venv to get variables from other wrappers is deprecated and will be removed in v1.0, to get this variable you can do `env.unwrapped.venv` for environment variables or `env.get_wrapper_attr('venv')` that will search the reminding wrappers.[0m
  logger.warn(
/Users/Diviprakash/Documents/New project/spot_mini_mini/spot_bullet/src/.conda-spotml/lib/python3.10/site-packages/gymnasium/core.py:311: UserWarning: [33mWARN: env.envs to get variables from other wrappers is deprecated and will be removed in v1.0, to get this variable you can do `env.unwrapped.envs` for environment variables or `env.get_wrapper_attr('envs')` that will search the reminding wrappers.[0m
  logger.warn(
/Users/Diviprakash/Documents/New project/spot_mini_mini/spotmicro/util/pybullet_data
[9, 13, 18, 22]
TERRAIN SHAPE: 0
TERRAIN SHAPE: 1
Action SPACE: Box(-1.0, 1.0, (14,), float32)
argv[0]=
argv[0]=

[2026-04-20T13:07:42] Starting ML camera worker for /Users/Diviprakash/Documents/New project/spot_mini_mini/spot_bullet/training_runs/rough_walk_camera_level_v2 with /Users/Diviprakash/Documents/New project/spot_mini_mini/spot_bullet/src/.conda-spotml/bin/python3.10
Gym has been unmaintained since 2022 and does not support NumPy 2.0 amongst other critical functionality.
Please upgrade to Gymnasium, the maintained drop-in replacement of Gym, or contact the authors of your software and request that they upgrade.
Users of this version of Gym should be able to simply replace 'import gym' with 'import gymnasium as gym' in the vast majority of cases.
See the migration guide at https://gymnasium.farama.org/introduction/migration_guide/ for additional information.
pybullet build time: Oct 21 2025 17:40:50
/Users/Diviprakash/Documents/New project/spot_mini_mini/spotmicro/GymEnvs/spot_bezier_env.py:12: UserWarning: pkg_resources is deprecated as an API. See https://setuptools.pypa.io/en/latest/pkg_resources.html. The pkg_resources package is slated for removal as early as 2025-11-30. Refrain from using this package or pin to Setuptools<81.
  from pkg_resources import parse_version
/Users/Diviprakash/Documents/New project/spot_mini_mini/spot_bullet/src/.conda-spotml/lib/python3.10/site-packages/gym/spaces/box.py:127: UserWarning: [33mWARN: Box bound precision lowered by casting to float32[0m
  logger.warn(f"Box bound precision lowered by casting to {self.dtype}")
/Users/Diviprakash/Documents/New project/spot_mini_mini/spot_bullet/src/.conda-spotml/lib/python3.10/site-packages/gymnasium/core.py:311: UserWarning: [33mWARN: env.venv to get variables from other wrappers is deprecated and will be removed in v1.0, to get this variable you can do `env.unwrapped.venv` for environment variables or `env.get_wrapper_attr('venv')` that will search the reminding wrappers.[0m
  logger.warn(
/Users/Diviprakash/Documents/New project/spot_mini_mini/spot_bullet/src/.conda-spotml/lib/python3.10/site-packages/gymnasium/core.py:311: UserWarning: [33mWARN: env.envs to get variables from other wrappers is deprecated and will be removed in v1.0, to get this variable you can do `env.unwrapped.envs` for environment variables or `env.get_wrapper_attr('envs')` that will search the reminding wrappers.[0m
  logger.warn(
/Users/Diviprakash/Documents/New project/spot_mini_mini/spotmicro/util/pybullet_data
[9, 13, 18, 22]
TERRAIN SHAPE: 0
TERRAIN SHAPE: 1
Action SPACE: Box(-1.0, 1.0, (14,), float32)
argv[0]=
argv[0]=
/Users/Diviprakash/Documents/New project/spot_mini_mini/spotmicro/util/pybullet_data
[9, 13, 18, 22]
TERRAIN SHAPE: 0
TERRAIN SHAPE: 1
Action SPACE: Box(-1.0, 1.0, (14,), float32)
argv[0]=
argv[0]=
